     1                                  bits 32 ;asamblare și compilare pentru arhitectura de 32 biți
     2                                  ; definim punctul de intrare in programul principal
     3                                  global start
     4                                  
     5                                  ; declaram functiile externe necesare programului nostru 
     6                                  extern exit ; indicam asamblorului ca exit exista, chiar daca noi nu o vom defini
     7                                  import exit msvcrt.dll  ; exit este o functie care incheie procesul, este definita in msvcrt.dll
     8                                          ; msvcrt.dll contine exit, printf si toate celelalte functii C-runtime importante
     9                                  
    10                                  ; segmentul de date in care se vor defini variabilele 
    11                                  segment data use32 class=data
    12                                  ; ... 
    13 00000000 01                          a db 1
    14 00000001 0F                          b db 15
    15                                  ; segmentul de cod
    16                                  segment code use32 class=code
    17                                  start:
    18                                  ; ... 
    19 00000000 66B80000                    mov ax, 0
    20 00000004 A0[00000000]                mov al, [a]
    21 00000009 0205[01000000]              add al, byte[b]
    22                                      
    23                                      ; exit(0)
    24 0000000F 6A00                        push dword 0 ; se pune pe stiva parametrul functiei exit
    25 00000011 FF15[00000000]              call [exit] ; apelul functiei exit pentru terminarea executiei programului
